
> architect-relance@0.1.0 dev
> next dev --hostname 0.0.0.0

▲ Next.js 16.2.4 (Turbopack)
- Local:         http://localhost:3000
- Network:       http://0.0.0.0:3000
- Environments: .env
✓ Ready in 482ms

⚠ Blocked cross-origin request to Next.js dev resource /_next/webpack-hmr from "192.168.1.28".
Cross-origin access to Next.js dev resources is blocked by default for safety.

To allow this host in development, add it to "allowedDevOrigins" in next.config.js and restart the dev server:

// next.config.js
module.exports = {
  allowedDevOrigins: ['192.168.1.28'],
}

Read more: https://nextjs.org/docs/app/api-reference/config/next-config-js/allowedDevOrigins
○ Compiling / ...
Cannot specify a encType or method for a form that specifies a function as the action. React provides those automatically. They will get overridden.
 GET / 200 in 5.4s (next.js: 4.8s, application-code: 608ms)
 GET / 200 in 188ms (next.js: 4ms, application-code: 184ms)
 GET / 200 in 80ms (next.js: 3ms, application-code: 76ms)
 POST / 303 in 60ms (next.js: 4ms, application-code: 56ms)
 GET / 200 in 343ms (next.js: 3ms, application-code: 341ms)
 POST / 303 in 26ms (next.js: 3ms, application-code: 23ms)
 GET / 200 in 102ms (next.js: 1935µs, application-code: 100ms)
 POST / 303 in 10ms (next.js: 2ms, application-code: 8ms)
 GET / 200 in 210ms (next.js: 3ms, application-code: 207ms)
 POST / 303 in 26ms (next.js: 3ms, application-code: 22ms)
 GET / 200 in 116ms (next.js: 2ms, application-code: 114ms)
 POST / 303 in 18ms (next.js: 2ms, application-code: 16ms)
 GET / 200 in 226ms (next.js: 1563µs, application-code: 224ms)
 POST / 303 in 24ms (next.js: 2ms, application-code: 21ms)
 GET / 200 in 125ms (next.js: 1723µs, application-code: 123ms)
 GET / 200 in 153ms (next.js: 3ms, application-code: 151ms)
 GET / 200 in 219ms (next.js: 1983µs, application-code: 217ms)
 GET / 200 in 102ms (next.js: 1895µs, application-code: 100ms)
 GET / 200 in 127ms (next.js: 1968µs, application-code: 125ms)
 GET / 200 in 99ms (next.js: 6ms, application-code: 94ms)
 GET / 200 in 147ms (next.js: 3ms, application-code: 144ms)
 GET / 200 in 241ms (next.js: 1914µs, application-code: 239ms)
 GET / 200 in 110ms (next.js: 2ms, application-code: 107ms)
 GET / 200 in 123ms (next.js: 1922µs, application-code: 122ms)
 GET / 200 in 91ms (next.js: 1963µs, application-code: 89ms)
 GET / 200 in 119ms (next.js: 2ms, application-code: 117ms)
 GET / 200 in 125ms (next.js: 2ms, application-code: 123ms)
 GET / 200 in 131ms (next.js: 2ms, application-code: 129ms)
 GET / 200 in 241ms (next.js: 2ms, application-code: 239ms)
 GET / 200 in 119ms (next.js: 3ms, application-code: 116ms)
 GET / 200 in 102ms (next.js: 1823µs, application-code: 101ms)
 GET / 200 in 249ms (next.js: 2ms, application-code: 247ms)
 GET / 200 in 114ms (next.js: 2ms, application-code: 112ms)
 GET / 200 in 122ms (next.js: 4ms, application-code: 118ms)
 GET / 200 in 93ms (next.js: 1907µs, application-code: 91ms)
 GET / 200 in 281ms (next.js: 2ms, application-code: 279ms)
 GET / 200 in 109ms (next.js: 3ms, application-code: 105ms)
 GET / 200 in 113ms (next.js: 2ms, application-code: 111ms)
 GET / 200 in 101ms (next.js: 2ms, application-code: 99ms)
 GET / 200 in 287ms (next.js: 1838µs, application-code: 285ms)
 GET / 200 in 164ms (next.js: 4ms, application-code: 160ms)
 GET / 200 in 116ms (next.js: 2ms, application-code: 114ms)
 GET / 200 in 135ms (next.js: 3ms, application-code: 132ms)
 GET / 200 in 98ms (next.js: 2ms, application-code: 96ms)
 GET / 200 in 100ms (next.js: 1840µs, application-code: 98ms)
 GET / 200 in 101ms (next.js: 2ms, application-code: 98ms)
 GET / 200 in 281ms (next.js: 2ms, application-code: 279ms)
 GET / 200 in 130ms (next.js: 3ms, application-code: 127ms)
 GET / 200 in 105ms (next.js: 2ms, application-code: 103ms)
 GET / 200 in 117ms (next.js: 1901µs, application-code: 115ms)
 GET / 200 in 316ms (next.js: 1951µs, application-code: 314ms)
 GET / 200 in 111ms (next.js: 3ms, application-code: 108ms)
 GET / 200 in 108ms (next.js: 3ms, application-code: 105ms)
 GET / 200 in 107ms (next.js: 1974µs, application-code: 105ms)
 GET / 200 in 314ms (next.js: 2ms, application-code: 312ms)
 GET / 200 in 133ms (next.js: 3ms, application-code: 129ms)
 GET / 200 in 122ms (next.js: 3ms, application-code: 119ms)
 GET / 200 in 141ms (next.js: 1836µs, application-code: 139ms)
 GET / 200 in 315ms (next.js: 2ms, application-code: 313ms)
 GET / 200 in 130ms (next.js: 1914µs, application-code: 128ms)
 GET / 200 in 105ms (next.js: 1803µs, application-code: 104ms)
 GET / 200 in 98ms (next.js: 1801µs, application-code: 96ms)
 GET / 200 in 98ms (next.js: 1775µs, application-code: 96ms)
 GET / 200 in 373ms (next.js: 1866µs, application-code: 371ms)
 GET / 200 in 136ms (next.js: 3ms, application-code: 133ms)
 GET / 200 in 102ms (next.js: 1848µs, application-code: 101ms)
 GET / 200 in 128ms (next.js: 2ms, application-code: 126ms)
 GET / 200 in 97ms (next.js: 1920µs, application-code: 95ms)
 GET / 200 in 374ms (next.js: 1785µs, application-code: 372ms)
 GET / 200 in 107ms (next.js: 3ms, application-code: 104ms)
 GET / 200 in 114ms (next.js: 1945µs, application-code: 112ms)
 GET / 200 in 93ms (next.js: 1924µs, application-code: 91ms)
 GET / 200 in 101ms (next.js: 3ms, application-code: 98ms)
 GET / 200 in 338ms (next.js: 1949µs, application-code: 336ms)
 GET / 200 in 118ms (next.js: 3ms, application-code: 116ms)
 GET / 200 in 115ms (next.js: 2ms, application-code: 113ms)
 GET / 200 in 130ms (next.js: 2ms, application-code: 127ms)
 GET / 200 in 104ms (next.js: 1932µs, application-code: 102ms)
 GET / 200 in 350ms (next.js: 2ms, application-code: 348ms)
 GET / 200 in 127ms (next.js: 2ms, application-code: 125ms)
 GET / 200 in 107ms (next.js: 6ms, application-code: 102ms)
 GET / 200 in 111ms (next.js: 3ms, application-code: 108ms)
 GET / 200 in 92ms (next.js: 1990µs, application-code: 90ms)
 GET / 200 in 123ms (next.js: 2ms, application-code: 121ms)
 GET / 200 in 368ms (next.js: 2ms, application-code: 366ms)
 GET / 200 in 124ms (next.js: 3ms, application-code: 121ms)
 GET / 200 in 118ms (next.js: 2ms, application-code: 116ms)
 GET / 200 in 120ms (next.js: 2ms, application-code: 118ms)
 GET / 200 in 102ms (next.js: 2ms, application-code: 99ms)
 GET / 200 in 100ms (next.js: 2ms, application-code: 98ms)
 GET / 200 in 419ms (next.js: 1844µs, application-code: 418ms)
 GET / 200 in 105ms (next.js: 2ms, application-code: 103ms)
 GET / 200 in 110ms (next.js: 4ms, application-code: 106ms)
 GET / 200 in 114ms (next.js: 2ms, application-code: 112ms)
 GET / 200 in 111ms (next.js: 1929µs, application-code: 109ms)
 GET / 200 in 88ms (next.js: 1876µs, application-code: 86ms)
 GET / 200 in 97ms (next.js: 2ms, application-code: 94ms)
 GET / 200 in 489ms (next.js: 6ms, application-code: 483ms)
 GET / 200 in 133ms (next.js: 4ms, application-code: 129ms)
 GET / 200 in 125ms (next.js: 6ms, application-code: 119ms)
 GET / 200 in 132ms (next.js: 1795µs, application-code: 130ms)
 GET / 200 in 106ms (next.js: 3ms, application-code: 103ms)
 GET / 200 in 148ms (next.js: 2ms, application-code: 145ms)
 GET / 200 in 89ms (next.js: 2ms, application-code: 87ms)
 GET / 200 in 122ms (next.js: 3ms, application-code: 119ms)
 GET / 200 in 97ms (next.js: 2ms, application-code: 95ms)
 GET / 200 in 97ms (next.js: 1726µs, application-code: 95ms)
 GET / 200 in 131ms (next.js: 1858µs, application-code: 129ms)
 GET / 200 in 98ms (next.js: 2ms, application-code: 96ms)
 GET / 200 in 93ms (next.js: 2ms, application-code: 91ms)
 GET / 200 in 500ms (next.js: 1688µs, application-code: 498ms)
 GET / 200 in 131ms (next.js: 3ms, application-code: 127ms)
 GET / 200 in 115ms (next.js: 2ms, application-code: 113ms)
 GET / 200 in 132ms (next.js: 2ms, application-code: 129ms)
 GET / 200 in 109ms (next.js: 5ms, application-code: 104ms)
 GET / 200 in 134ms (next.js: 2ms, application-code: 132ms)
 GET / 200 in 88ms (next.js: 2ms, application-code: 86ms)
 GET / 200 in 493ms (next.js: 1926µs, application-code: 491ms)
 GET / 200 in 100ms (next.js: 2ms, application-code: 98ms)
 GET / 200 in 104ms (next.js: 1777µs, application-code: 102ms)
 GET / 200 in 138ms (next.js: 3ms, application-code: 135ms)
 GET / 200 in 97ms (next.js: 2ms, application-code: 95ms)
 GET / 200 in 107ms (next.js: 2ms, application-code: 105ms)
 GET / 200 in 111ms (next.js: 15ms, application-code: 96ms)
 GET / 200 in 89ms (next.js: 1840µs, application-code: 87ms)
 GET / 200 in 613ms (next.js: 1870µs, application-code: 611ms)
 GET / 200 in 121ms (next.js: 3ms, application-code: 118ms)
 GET / 200 in 122ms (next.js: 1981µs, application-code: 120ms)
 GET / 200 in 132ms (next.js: 1765µs, application-code: 130ms)
 GET / 200 in 105ms (next.js: 1986µs, application-code: 103ms)
 GET / 200 in 117ms (next.js: 2ms, application-code: 115ms)
 GET / 200 in 91ms (next.js: 2ms, application-code: 89ms)
 GET / 200 in 105ms (next.js: 1923µs, application-code: 103ms)
 GET / 200 in 407ms (next.js: 1848µs, application-code: 405ms)
 GET / 200 in 115ms (next.js: 3ms, application-code: 112ms)
 GET / 200 in 127ms (next.js: 1851µs, application-code: 125ms)
 GET / 200 in 97ms (next.js: 1818µs, application-code: 95ms)
 GET / 200 in 97ms (next.js: 1678µs, application-code: 95ms)
 GET / 200 in 93ms (next.js: 1893µs, application-code: 91ms)
 GET / 200 in 90ms (next.js: 1816µs, application-code: 88ms)
 GET / 200 in 94ms (next.js: 1796µs, application-code: 92ms)
 GET / 200 in 95ms (next.js: 2ms, application-code: 93ms)
 GET / 200 in 128ms (next.js: 4ms, application-code: 124ms)
 GET / 200 in 118ms (next.js: 2ms, application-code: 116ms)
 GET / 200 in 133ms (next.js: 1882µs, application-code: 131ms)
 GET / 200 in 102ms (next.js: 1817µs, application-code: 100ms)
 GET / 200 in 121ms (next.js: 1790µs, application-code: 119ms)
 GET / 200 in 103ms (next.js: 2ms, application-code: 101ms)
 GET / 200 in 109ms (next.js: 1788µs, application-code: 107ms)
 GET / 200 in 110ms (next.js: 1971µs, application-code: 108ms)
 GET / 200 in 107ms (next.js: 2ms, application-code: 105ms)
 GET / 200 in 132ms (next.js: 3ms, application-code: 129ms)
 GET / 200 in 96ms (next.js: 1721µs, application-code: 94ms)
 GET / 200 in 110ms (next.js: 2ms, application-code: 108ms)
 GET / 200 in 130ms (next.js: 2ms, application-code: 128ms)
 GET / 200 in 99ms (next.js: 1900µs, application-code: 97ms)
 GET / 200 in 104ms (next.js: 1913µs, application-code: 102ms)
 GET / 200 in 104ms (next.js: 2ms, application-code: 102ms)
 GET / 200 in 99ms (next.js: 1967µs, application-code: 98ms)
 GET / 200 in 690ms (next.js: 1983µs, application-code: 688ms)
 GET / 200 in 135ms (next.js: 3ms, application-code: 132ms)
 GET / 200 in 111ms (next.js: 1850µs, application-code: 110ms)
 GET / 200 in 142ms (next.js: 2ms, application-code: 140ms)
 GET / 200 in 110ms (next.js: 1975µs, application-code: 108ms)
 GET / 200 in 136ms (next.js: 1943µs, application-code: 134ms)
 GET / 200 in 97ms (next.js: 3ms, application-code: 94ms)
 GET / 200 in 112ms (next.js: 3ms, application-code: 109ms)
 GET / 200 in 109ms (next.js: 1924µs, application-code: 107ms)
 GET / 200 in 426ms (next.js: 1903µs, application-code: 424ms)
 GET / 200 in 144ms (next.js: 2ms, application-code: 142ms)
 GET / 200 in 111ms (next.js: 3ms, application-code: 108ms)
 GET / 200 in 98ms (next.js: 2ms, application-code: 96ms)
 GET / 200 in 97ms (next.js: 1834µs, application-code: 95ms)
 GET / 200 in 105ms (next.js: 1879µs, application-code: 103ms)
 GET / 200 in 91ms (next.js: 2ms, application-code: 89ms)
 GET / 200 in 98ms (next.js: 3ms, application-code: 95ms)
 GET / 200 in 86ms (next.js: 1696µs, application-code: 84ms)
 GET / 200 in 94ms (next.js: 2ms, application-code: 91ms)
 GET / 200 in 408ms (next.js: 1858µs, application-code: 406ms)
 GET / 200 in 131ms (next.js: 2ms, application-code: 128ms)
 GET / 200 in 132ms (next.js: 1856µs, application-code: 130ms)
 GET / 200 in 133ms (next.js: 1677µs, application-code: 131ms)
 GET / 200 in 110ms (next.js: 2ms, application-code: 108ms)
 GET / 200 in 148ms (next.js: 1717µs, application-code: 147ms)
 GET / 200 in 104ms (next.js: 5ms, application-code: 99ms)
 GET / 200 in 113ms (next.js: 4ms, application-code: 109ms)
 GET / 200 in 95ms (next.js: 2ms, application-code: 93ms)
 GET / 200 in 95ms (next.js: 4ms, application-code: 91ms)
 GET / 200 in 114ms (next.js: 5ms, application-code: 109ms)
 GET / 200 in 110ms (next.js: 2ms, application-code: 108ms)
 GET / 200 in 119ms (next.js: 1895µs, application-code: 117ms)
 GET / 200 in 127ms (next.js: 1841µs, application-code: 125ms)
 GET / 200 in 103ms (next.js: 1949µs, application-code: 101ms)
 GET / 200 in 147ms (next.js: 4ms, application-code: 143ms)
 GET / 200 in 102ms (next.js: 1785µs, application-code: 100ms)
 GET / 200 in 110ms (next.js: 1875µs, application-code: 108ms)
 GET / 200 in 102ms (next.js: 1821µs, application-code: 100ms)
 GET / 200 in 90ms (next.js: 1750µs, application-code: 88ms)
 GET / 200 in 113ms (next.js: 1901µs, application-code: 111ms)
 GET / 200 in 102ms (next.js: 1920µs, application-code: 100ms)
 GET / 200 in 458ms (next.js: 2ms, application-code: 456ms)
 GET / 200 in 101ms (next.js: 1876µs, application-code: 99ms)
 GET / 200 in 134ms (next.js: 2ms, application-code: 132ms)
 GET / 200 in 113ms (next.js: 1988µs, application-code: 111ms)
 GET / 200 in 150ms (next.js: 2ms, application-code: 148ms)
 GET / 200 in 111ms (next.js: 5ms, application-code: 106ms)
 GET / 200 in 148ms (next.js: 4ms, application-code: 144ms)
 GET / 200 in 113ms (next.js: 1908µs, application-code: 111ms)
 GET / 200 in 112ms (next.js: 1741µs, application-code: 110ms)
 GET / 200 in 95ms (next.js: 1992µs, application-code: 93ms)
 GET / 200 in 102ms (next.js: 2ms, application-code: 100ms)
 GET / 200 in 106ms (next.js: 1807µs, application-code: 105ms)
 GET / 200 in 97ms (next.js: 1667µs, application-code: 96ms)
 GET / 200 in 119ms (next.js: 2ms, application-code: 117ms)
 GET / 200 in 114ms (next.js: 2ms, application-code: 112ms)
 GET / 200 in 100ms (next.js: 2ms, application-code: 98ms)
 GET / 200 in 103ms (next.js: 1720µs, application-code: 101ms)
 GET / 200 in 140ms (next.js: 1713µs, application-code: 138ms)
 GET / 200 in 101ms (next.js: 1748µs, application-code: 99ms)
 GET / 200 in 126ms (next.js: 1971µs, application-code: 124ms)
 GET / 200 in 90ms (next.js: 4ms, application-code: 86ms)
 GET / 200 in 102ms (next.js: 1905µs, application-code: 100ms)
 GET / 200 in 107ms (next.js: 1893µs, application-code: 105ms)
 GET / 200 in 97ms (next.js: 1913µs, application-code: 95ms)
 GET / 200 in 96ms (next.js: 1748µs, application-code: 94ms)
 GET / 200 in 362ms (next.js: 1931µs, application-code: 360ms)
 GET / 200 in 130ms (next.js: 3ms, application-code: 127ms)
 GET / 200 in 126ms (next.js: 3ms, application-code: 123ms)
 GET / 200 in 134ms (next.js: 1957µs, application-code: 132ms)
 GET / 200 in 101ms (next.js: 2ms, application-code: 99ms)
 GET / 200 in 148ms (next.js: 1904µs, application-code: 146ms)
 GET / 200 in 96ms (next.js: 2ms, application-code: 94ms)
 GET / 200 in 105ms (next.js: 1916µs, application-code: 103ms)
 GET / 200 in 94ms (next.js: 1812µs, application-code: 93ms)
 GET / 200 in 102ms (next.js: 8ms, application-code: 95ms)
 GET / 200 in 112ms (next.js: 1946µs, application-code: 110ms)
 GET / 200 in 92ms (next.js: 2ms, application-code: 90ms)
 GET / 200 in 99ms (next.js: 2ms, application-code: 97ms)
 GET / 200 in 854ms (next.js: 1771µs, application-code: 852ms)
 GET / 200 in 118ms (next.js: 1998µs, application-code: 116ms)
 GET / 200 in 103ms (next.js: 1859µs, application-code: 101ms)
 GET / 200 in 107ms (next.js: 1936µs, application-code: 105ms)
 GET / 200 in 106ms (next.js: 2ms, application-code: 103ms)
 GET / 200 in 99ms (next.js: 1813µs, application-code: 98ms)
 GET / 200 in 87ms (next.js: 4ms, application-code: 82ms)
 GET / 200 in 101ms (next.js: 1820µs, application-code: 100ms)
 GET / 200 in 102ms (next.js: 1812µs, application-code: 100ms)
 GET / 200 in 101ms (next.js: 2ms, application-code: 99ms)
 GET / 200 in 100ms (next.js: 4ms, application-code: 96ms)
 GET / 200 in 95ms (next.js: 3ms, application-code: 91ms)
 GET / 200 in 92ms (next.js: 1896µs, application-code: 90ms)
 GET / 200 in 94ms (next.js: 1857µs, application-code: 93ms)
⚠ Server is approaching the used memory threshold, restarting...
▲ Next.js 16.2.4 (Turbopack)
- Local:         http://localhost:3000
- Network:       http://0.0.0.0:3000
- Environments: .env
✓ Ready in 442ms

⚠ Blocked cross-origin request to Next.js dev resource /_next/webpack-hmr from "192.168.1.28".
Cross-origin access to Next.js dev resources is blocked by default for safety.

To allow this host in development, add it to "allowedDevOrigins" in next.config.js and restart the dev server:

// next.config.js
module.exports = {
  allowedDevOrigins: ['192.168.1.28'],
}

Read more: https://nextjs.org/docs/app/api-reference/config/next-config-js/allowedDevOrigins
Cannot specify a encType or method for a form that specifies a function as the action. React provides those automatically. They will get overridden.
 GET / 200 in 1280ms (next.js: 322ms, application-code: 958ms)
 GET / 200 in 181ms (next.js: 8ms, application-code: 172ms)
 GET / 200 in 237ms (next.js: 5ms, application-code: 232ms)
 GET / 200 in 130ms (next.js: 3ms, application-code: 128ms)
 GET / 200 in 214ms (next.js: 3ms, application-code: 212ms)
 GET / 200 in 132ms (next.js: 3ms, application-code: 129ms)
 GET / 200 in 262ms (next.js: 3ms, application-code: 259ms)
 GET / 200 in 117ms (next.js: 3ms, application-code: 115ms)
 GET / 200 in 258ms (next.js: 3ms, application-code: 255ms)
 GET / 200 in 139ms (next.js: 4ms, application-code: 135ms)
 GET / 200 in 183ms (next.js: 3ms, application-code: 180ms)
 GET / 200 in 280ms (next.js: 2ms, application-code: 278ms)
 GET / 200 in 119ms (next.js: 2ms, application-code: 116ms)
 GET / 200 in 110ms (next.js: 2ms, application-code: 107ms)
 GET / 200 in 235ms (next.js: 3ms, application-code: 232ms)
 GET / 200 in 129ms (next.js: 6ms, application-code: 123ms)
 GET / 200 in 116ms (next.js: 4ms, application-code: 113ms)
 GET / 200 in 278ms (next.js: 2ms, application-code: 276ms)
 GET / 200 in 114ms (next.js: 2ms, application-code: 112ms)
 GET / 200 in 152ms (next.js: 2ms, application-code: 150ms)
 GET / 200 in 251ms (next.js: 1940µs, application-code: 249ms)
 GET / 200 in 122ms (next.js: 3ms, application-code: 119ms)
 GET / 200 in 118ms (next.js: 1960µs, application-code: 116ms)
 GET / 200 in 319ms (next.js: 1948µs, application-code: 317ms)
 GET / 200 in 122ms (next.js: 2ms, application-code: 120ms)
 GET / 200 in 109ms (next.js: 1759µs, application-code: 107ms)
 GET / 200 in 100ms (next.js: 3ms, application-code: 98ms)
 GET / 200 in 264ms (next.js: 1848µs, application-code: 263ms)
 GET / 200 in 122ms (next.js: 3ms, application-code: 119ms)
 GET / 200 in 117ms (next.js: 2ms, application-code: 115ms)
 GET / 200 in 139ms (next.js: 1891µs, application-code: 137ms)
 GET / 200 in 105ms (next.js: 1933µs, application-code: 103ms)
 GET / 200 in 102ms (next.js: 1918µs, application-code: 101ms)
 GET / 200 in 98ms (next.js: 1719µs, application-code: 97ms)
 GET / 200 in 322ms (next.js: 1977µs, application-code: 320ms)
 GET / 200 in 117ms (next.js: 3ms, application-code: 115ms)
 GET / 200 in 116ms (next.js: 3ms, application-code: 113ms)
 GET / 200 in 127ms (next.js: 1852µs, application-code: 125ms)
 GET / 200 in 116ms (next.js: 2ms, application-code: 114ms)
 GET / 200 in 115ms (next.js: 3ms, application-code: 113ms)
 GET / 200 in 100ms (next.js: 1957µs, application-code: 99ms)
 GET / 200 in 336ms (next.js: 1936µs, application-code: 334ms)
 GET / 200 in 174ms (next.js: 3ms, application-code: 171ms)
 GET / 200 in 123ms (next.js: 2ms, application-code: 121ms)
 GET / 200 in 127ms (next.js: 1867µs, application-code: 125ms)
 GET / 200 in 333ms (next.js: 1961µs, application-code: 331ms)
 GET / 200 in 112ms (next.js: 2ms, application-code: 110ms)
 GET / 200 in 108ms (next.js: 1941µs, application-code: 106ms)
 GET / 200 in 132ms (next.js: 1912µs, application-code: 130ms)
 GET / 200 in 358ms (next.js: 1837µs, application-code: 357ms)
 GET / 200 in 143ms (next.js: 3ms, application-code: 140ms)
 GET / 200 in 115ms (next.js: 2ms, application-code: 113ms)
 GET / 200 in 130ms (next.js: 1972µs, application-code: 128ms)
 GET / 200 in 98ms (next.js: 1982µs, application-code: 96ms)
 GET / 200 in 361ms (next.js: 1907µs, application-code: 359ms)
 GET / 200 in 114ms (next.js: 2ms, application-code: 112ms)
 GET / 200 in 117ms (next.js: 1880µs, application-code: 115ms)
 GET / 200 in 99ms (next.js: 2ms, application-code: 97ms)
 GET / 200 in 108ms (next.js: 1991µs, application-code: 106ms)
 GET / 200 in 431ms (next.js: 1995µs, application-code: 429ms)
 GET / 200 in 126ms (next.js: 3ms, application-code: 123ms)
 GET / 200 in 127ms (next.js: 1912µs, application-code: 125ms)
 GET / 200 in 132ms (next.js: 1803µs, application-code: 130ms)
 GET / 200 in 95ms (next.js: 1800µs, application-code: 94ms)
 GET / 200 in 441ms (next.js: 1758µs, application-code: 439ms)
 GET / 200 in 119ms (next.js: 2ms, application-code: 117ms)
 GET / 200 in 115ms (next.js: 1996µs, application-code: 113ms)
 GET / 200 in 97ms (next.js: 2ms, application-code: 95ms)
 GET / 200 in 96ms (next.js: 1812µs, application-code: 94ms)
 GET / 200 in 122ms (next.js: 2ms, application-code: 120ms)
 GET / 200 in 357ms (next.js: 1753µs, application-code: 355ms)
 GET / 200 in 125ms (next.js: 3ms, application-code: 122ms)
 GET / 200 in 118ms (next.js: 2ms, application-code: 116ms)
 GET / 200 in 148ms (next.js: 1826µs, application-code: 146ms)
 GET / 200 in 106ms (next.js: 2ms, application-code: 104ms)
 GET / 200 in 158ms (next.js: 1877µs, application-code: 157ms)
 GET / 200 in 104ms (next.js: 4ms, application-code: 100ms)
 GET / 200 in 125ms (next.js: 1860µs, application-code: 123ms)
 GET / 200 in 95ms (next.js: 1837µs, application-code: 93ms)
 GET / 200 in 124ms (next.js: 2ms, application-code: 122ms)
 GET / 200 in 116ms (next.js: 1785µs, application-code: 115ms)
 GET / 200 in 454ms (next.js: 1914µs, application-code: 452ms)
 GET / 200 in 124ms (next.js: 5ms, application-code: 120ms)
 GET / 200 in 122ms (next.js: 2ms, application-code: 120ms)
 GET / 200 in 137ms (next.js: 1827µs, application-code: 135ms)
 GET / 200 in 108ms (next.js: 1826µs, application-code: 107ms)
 GET / 200 in 135ms (next.js: 1767µs, application-code: 134ms)
 GET / 200 in 439ms (next.js: 1936µs, application-code: 437ms)
 GET / 200 in 124ms (next.js: 3ms, application-code: 121ms)
 GET / 200 in 104ms (next.js: 1939µs, application-code: 102ms)
 GET / 200 in 104ms (next.js: 2ms, application-code: 102ms)
 GET / 200 in 129ms (next.js: 2ms, application-code: 127ms)
 GET / 200 in 106ms (next.js: 1982µs, application-code: 104ms)
 GET / 200 in 101ms (next.js: 2ms, application-code: 99ms)
 GET / 200 in 566ms (next.js: 5ms, application-code: 561ms)
 GET / 200 in 132ms (next.js: 3ms, application-code: 130ms)
 GET / 200 in 127ms (next.js: 2ms, application-code: 125ms)
 GET / 200 in 132ms (next.js: 1942µs, application-code: 130ms)
 GET / 200 in 108ms (next.js: 4ms, application-code: 104ms)
 GET / 200 in 127ms (next.js: 6ms, application-code: 121ms)
 GET / 200 in 96ms (next.js: 1851µs, application-code: 94ms)
 GET / 200 in 520ms (next.js: 1916µs, application-code: 518ms)
 GET / 200 in 107ms (next.js: 2ms, application-code: 105ms)
 GET / 200 in 108ms (next.js: 1910µs, application-code: 106ms)
 GET / 200 in 117ms (next.js: 1724µs, application-code: 115ms)
 GET / 200 in 92ms (next.js: 1932µs, application-code: 90ms)
 GET / 200 in 92ms (next.js: 1732µs, application-code: 91ms)
 GET / 200 in 95ms (next.js: 1909µs, application-code: 93ms)
 GET / 200 in 95ms (next.js: 1912µs, application-code: 93ms)
 GET / 200 in 124ms (next.js: 2ms, application-code: 122ms)
 GET / 200 in 126ms (next.js: 2ms, application-code: 124ms)
 GET / 200 in 140ms (next.js: 2ms, application-code: 138ms)
 GET / 200 in 104ms (next.js: 2ms, application-code: 102ms)
 GET / 200 in 134ms (next.js: 1750µs, application-code: 132ms)
 GET / 200 in 95ms (next.js: 1712µs, application-code: 94ms)
 GET / 200 in 112ms (next.js: 2ms, application-code: 110ms)
 GET / 200 in 103ms (next.js: 2ms, application-code: 101ms)
 GET / 200 in 111ms (next.js: 1703µs, application-code: 109ms)
 GET / 200 in 141ms (next.js: 4ms, application-code: 137ms)
 GET / 200 in 118ms (next.js: 1957µs, application-code: 116ms)
 GET / 200 in 136ms (next.js: 1777µs, application-code: 134ms)
 GET / 200 in 109ms (next.js: 6ms, application-code: 103ms)
 GET / 200 in 98ms (next.js: 2ms, application-code: 96ms)
 GET / 200 in 351ms (next.js: 1920µs, application-code: 349ms)
 GET / 200 in 128ms (next.js: 4ms, application-code: 124ms)
 GET / 200 in 127ms (next.js: 2ms, application-code: 125ms)
 GET / 200 in 137ms (next.js: 1920µs, application-code: 136ms)
 GET / 200 in 102ms (next.js: 3ms, application-code: 99ms)
 GET / 200 in 130ms (next.js: 1948µs, application-code: 128ms)
 GET / 200 in 94ms (next.js: 1776µs, application-code: 92ms)
 GET / 200 in 107ms (next.js: 1719µs, application-code: 106ms)
 GET / 200 in 546ms (next.js: 1669µs, application-code: 544ms)
 GET / 200 in 105ms (next.js: 2ms, application-code: 103ms)
 GET / 200 in 126ms (next.js: 1753µs, application-code: 124ms)
 GET / 200 in 113ms (next.js: 1756µs, application-code: 111ms)
 GET / 200 in 100ms (next.js: 1858µs, application-code: 98ms)
 GET / 200 in 129ms (next.js: 1910µs, application-code: 127ms)
 GET / 200 in 91ms (next.js: 1987µs, application-code: 89ms)
 GET / 200 in 93ms (next.js: 1807µs, application-code: 92ms)
 GET / 200 in 89ms (next.js: 1684µs, application-code: 87ms)
 GET / 200 in 618ms (next.js: 3ms, application-code: 614ms)
 GET / 200 in 126ms (next.js: 2ms, application-code: 124ms)
 GET / 200 in 120ms (next.js: 1816µs, application-code: 118ms)
 GET / 200 in 154ms (next.js: 1796µs, application-code: 152ms)
 GET / 200 in 109ms (next.js: 1870µs, application-code: 107ms)
 GET / 200 in 139ms (next.js: 1927µs, application-code: 137ms)
 GET / 200 in 103ms (next.js: 2ms, application-code: 101ms)
 GET / 200 in 106ms (next.js: 1768µs, application-code: 105ms)
 GET / 200 in 97ms (next.js: 1760µs, application-code: 95ms)
 GET / 200 in 348ms (next.js: 2ms, application-code: 346ms)
 GET / 200 in 138ms (next.js: 1876µs, application-code: 136ms)
 GET / 200 in 109ms (next.js: 1826µs, application-code: 107ms)
 GET / 200 in 108ms (next.js: 1764µs, application-code: 107ms)
 GET / 200 in 113ms (next.js: 1919µs, application-code: 111ms)
 GET / 200 in 98ms (next.js: 1885µs, application-code: 96ms)
 GET / 200 in 102ms (next.js: 1783µs, application-code: 100ms)
 GET / 200 in 96ms (next.js: 1791µs, application-code: 94ms)
 GET / 200 in 94ms (next.js: 5ms, application-code: 90ms)
 GET / 200 in 98ms (next.js: 1768µs, application-code: 96ms)
 GET / 200 in 670ms (next.js: 1991µs, application-code: 668ms)
 GET / 200 in 121ms (next.js: 3ms, application-code: 119ms)
 GET / 200 in 117ms (next.js: 1963µs, application-code: 115ms)
 GET / 200 in 141ms (next.js: 1944µs, application-code: 139ms)
 GET / 200 in 101ms (next.js: 2ms, application-code: 99ms)
 GET / 200 in 135ms (next.js: 1997µs, application-code: 133ms)
 GET / 200 in 102ms (next.js: 1904µs, application-code: 100ms)
 GET / 200 in 107ms (next.js: 1855µs, application-code: 105ms)
 GET / 200 in 105ms (next.js: 3ms, application-code: 102ms)
 GET / 200 in 89ms (next.js: 1699µs, application-code: 88ms)
 GET / 200 in 376ms (next.js: 1999µs, application-code: 374ms)
 GET / 200 in 99ms (next.js: 2ms, application-code: 97ms)
 GET / 200 in 99ms (next.js: 2ms, application-code: 97ms)
 GET / 200 in 93ms (next.js: 1811µs, application-code: 92ms)
 GET / 200 in 109ms (next.js: 2ms, application-code: 107ms)
 GET / 200 in 88ms (next.js: 1768µs, application-code: 87ms)
 GET / 200 in 103ms (next.js: 3ms, application-code: 99ms)
 GET / 200 in 103ms (next.js: 1945µs, application-code: 101ms)
 GET / 200 in 97ms (next.js: 3ms, application-code: 95ms)
 GET / 200 in 91ms (next.js: 2ms, application-code: 89ms)
 GET / 200 in 101ms (next.js: 1703µs, application-code: 99ms)
 GET / 200 in 129ms (next.js: 3ms, application-code: 126ms)
 GET / 200 in 126ms (next.js: 2ms, application-code: 124ms)
 GET / 200 in 129ms (next.js: 1869µs, application-code: 127ms)
 GET / 200 in 98ms (next.js: 1771µs, application-code: 97ms)
 GET / 200 in 130ms (next.js: 1814µs, application-code: 128ms)
 GET / 200 in 88ms (next.js: 1817µs, application-code: 86ms)
 GET / 200 in 91ms (next.js: 1892µs, application-code: 89ms)
 GET / 200 in 104ms (next.js: 1891µs, application-code: 102ms)
 GET / 200 in 109ms (next.js: 5ms, application-code: 105ms)
 GET / 200 in 114ms (next.js: 2ms, application-code: 112ms)
 GET / 200 in 497ms (next.js: 2ms, application-code: 495ms)
 GET / 200 in 96ms (next.js: 1861µs, application-code: 94ms)
 GET / 200 in 112ms (next.js: 1727µs, application-code: 110ms)
 GET / 200 in 90ms (next.js: 2ms, application-code: 88ms)
 GET / 200 in 103ms (next.js: 1843µs, application-code: 102ms)
 GET / 200 in 117ms (next.js: 2ms, application-code: 115ms)
 GET / 200 in 100ms (next.js: 1945µs, application-code: 98ms)
 GET / 200 in 93ms (next.js: 1801µs, application-code: 91ms)
 GET / 200 in 93ms (next.js: 2ms, application-code: 90ms)
 GET / 200 in 95ms (next.js: 2ms, application-code: 93ms)
 GET / 200 in 114ms (next.js: 1818µs, application-code: 112ms)
 GET / 200 in 90ms (next.js: 2ms, application-code: 88ms)
 GET / 200 in 705ms (next.js: 2ms, application-code: 703ms)
 GET / 200 in 118ms (next.js: 3ms, application-code: 115ms)
 GET / 200 in 116ms (next.js: 1806µs, application-code: 114ms)
 GET / 200 in 136ms (next.js: 2ms, application-code: 134ms)
 GET / 200 in 107ms (next.js: 1941µs, application-code: 105ms)
 GET / 200 in 127ms (next.js: 2ms, application-code: 125ms)
 GET / 200 in 102ms (next.js: 2ms, application-code: 100ms)
 GET / 200 in 93ms (next.js: 2ms, application-code: 91ms)
 GET / 200 in 95ms (next.js: 1785µs, application-code: 93ms)
 GET / 200 in 94ms (next.js: 1869µs, application-code: 92ms)
 GET / 200 in 121ms (next.js: 2ms, application-code: 118ms)
 GET / 200 in 89ms (next.js: 2ms, application-code: 87ms)
 GET / 200 in 444ms (next.js: 1715µs, application-code: 442ms)
 GET / 200 in 109ms (next.js: 2ms, application-code: 107ms)
 GET / 200 in 114ms (next.js: 1884µs, application-code: 113ms)
 GET / 200 in 96ms (next.js: 1937µs, application-code: 94ms)
 GET / 200 in 108ms (next.js: 1821µs, application-code: 106ms)
 GET / 200 in 144ms (next.js: 4ms, application-code: 141ms)
 GET / 200 in 92ms (next.js: 1856µs, application-code: 90ms)
 GET / 200 in 86ms (next.js: 2ms, application-code: 84ms)
 GET / 200 in 93ms (next.js: 1795µs, application-code: 91ms)
 GET / 200 in 101ms (next.js: 1983µs, application-code: 99ms)
 GET / 200 in 82ms (next.js: 1831µs, application-code: 80ms)
 GET / 200 in 104ms (next.js: 2ms, application-code: 102ms)
 GET / 200 in 85ms (next.js: 1999µs, application-code: 83ms)
 GET / 200 in 85ms (next.js: 1909µs, application-code: 83ms)
 GET / 200 in 152ms (next.js: 4ms, application-code: 148ms)
 GET / 200 in 118ms (next.js: 1793µs, application-code: 116ms)
 GET / 200 in 127ms (next.js: 1711µs, application-code: 126ms)
 GET / 200 in 106ms (next.js: 1948µs, application-code: 105ms)
 GET / 200 in 149ms (next.js: 2ms, application-code: 147ms)
 GET / 200 in 93ms (next.js: 1810µs, application-code: 92ms)
 GET / 200 in 105ms (next.js: 2ms, application-code: 103ms)
 GET / 200 in 104ms (next.js: 2ms, application-code: 101ms)
 GET / 200 in 94ms (next.js: 2ms, application-code: 92ms)
 GET / 200 in 108ms (next.js: 2ms, application-code: 106ms)
 GET / 200 in 101ms (next.js: 2ms, application-code: 98ms)
 GET / 200 in 95ms (next.js: 1918µs, application-code: 93ms)
 GET / 200 in 110ms (next.js: 2ms, application-code: 108ms)
 GET / 200 in 112ms (next.js: 3ms, application-code: 110ms)
 GET / 200 in 108ms (next.js: 1802µs, application-code: 106ms)
 GET / 200 in 109ms (next.js: 1871µs, application-code: 107ms)
 GET / 200 in 125ms (next.js: 4ms, application-code: 121ms)
 POST / 303 in 56ms (next.js: 1875µs, application-code: 54ms)
 GET / 200 in 102ms (next.js: 1336µs, application-code: 101ms)
 GET / 200 in 101ms (next.js: 1943µs, application-code: 99ms)
 GET / 200 in 117ms (next.js: 4ms, application-code: 113ms)
⚠ Server is approaching the used memory threshold, restarting...
▲ Next.js 16.2.4 (Turbopack)
- Local:         http://localhost:3000
- Network:       http://0.0.0.0:3000
- Environments: .env
✓ Ready in 387ms

Cannot specify a encType or method for a form that specifies a function as the action. React provides those automatically. They will get overridden.
 GET / 200 in 1092ms (next.js: 300ms, application-code: 793ms)
⚠ Blocked cross-origin request to Next.js dev resource /_next/webpack-hmr from "192.168.1.28".
Cross-origin access to Next.js dev resources is blocked by default for safety.

To allow this host in development, add it to "allowedDevOrigins" in next.config.js and restart the dev server:

// next.config.js
module.exports = {
  allowedDevOrigins: ['192.168.1.28'],
}

Read more: https://nextjs.org/docs/app/api-reference/config/next-config-js/allowedDevOrigins
 GET / 200 in 414ms (next.js: 6ms, application-code: 408ms)
 GET / 200 in 229ms (next.js: 3ms, application-code: 227ms)
⨯ Error: Failed to find Server Action. This request might be from an older or newer deployment.
Read more: https://nextjs.org/docs/messages/failed-to-find-server-action
    at ignore-listed frames
⨯ Error: Failed to find Server Action. This request might be from an older or newer deployment.
Read more: https://nextjs.org/docs/messages/failed-to-find-server-action
    at ignore-listed frames {
  page: '/'
}
 POST / 500 in 3.0s (next.js: 2.9s, application-code: 118ms)
 GET / 200 in 155ms (next.js: 4ms, application-code: 151ms)
 GET / 200 in 260ms (next.js: 3ms, application-code: 257ms)
 GET / 200 in 139ms (next.js: 2ms, application-code: 137ms)
 GET / 200 in 116ms (next.js: 3ms, application-code: 114ms)
 GET / 200 in 108ms (next.js: 3ms, application-code: 105ms)
 GET / 200 in 271ms (next.js: 3ms, application-code: 268ms)
 GET / 200 in 154ms (next.js: 4ms, application-code: 150ms)
 GET / 200 in 318ms (next.js: 3ms, application-code: 315ms)
 GET / 200 in 122ms (next.js: 1940µs, application-code: 120ms)
 GET / 200 in 136ms (next.js: 2ms, application-code: 133ms)
 GET / 200 in 124ms (next.js: 6ms, application-code: 118ms)
 GET / 200 in 270ms (next.js: 1696µs, application-code: 268ms)
 GET / 200 in 181ms (next.js: 3ms, application-code: 178ms)
 GET / 200 in 144ms (next.js: 2ms, application-code: 142ms)
 GET / 200 in 334ms (next.js: 2ms, application-code: 332ms)
 GET / 200 in 123ms (next.js: 3ms, application-code: 119ms)
 GET / 200 in 119ms (next.js: 2ms, application-code: 117ms)
 GET / 200 in 329ms (next.js: 2ms, application-code: 327ms)
 GET / 200 in 112ms (next.js: 4ms, application-code: 109ms)
 GET / 200 in 139ms (next.js: 3ms, application-code: 137ms)
 GET / 200 in 361ms (next.js: 1947µs, application-code: 359ms)
 GET / 200 in 125ms (next.js: 2ms, application-code: 123ms)
 GET / 200 in 110ms (next.js: 2ms, application-code: 108ms)
 GET / 200 in 119ms (next.js: 3ms, application-code: 116ms)
 GET / 200 in 126ms (next.js: 3ms, application-code: 124ms)
 GET / 200 in 146ms (next.js: 3ms, application-code: 144ms)
 GET / 200 in 115ms (next.js: 2ms, application-code: 112ms)
 GET / 200 in 335ms (next.js: 1979µs, application-code: 333ms)
 GET / 200 in 117ms (next.js: 2ms, application-code: 115ms)
 GET / 200 in 142ms (next.js: 2ms, application-code: 140ms)
 GET / 200 in 109ms (next.js: 1904µs, application-code: 107ms)
 GET / 200 in 368ms (next.js: 3ms, application-code: 365ms)
 GET / 200 in 126ms (next.js: 3ms, application-code: 123ms)
 GET / 200 in 129ms (next.js: 3ms, application-code: 126ms)
 GET / 200 in 156ms (next.js: 3ms, application-code: 153ms)
 GET / 200 in 134ms (next.js: 3ms, application-code: 131ms)
 GET / 200 in 418ms (next.js: 3ms, application-code: 415ms)
 GET / 200 in 124ms (next.js: 3ms, application-code: 121ms)
 GET / 200 in 121ms (next.js: 2ms, application-code: 119ms)
 GET / 200 in 131ms (next.js: 2ms, application-code: 128ms)
 GET / 200 in 122ms (next.js: 2ms, application-code: 120ms)
 GET / 200 in 351ms (next.js: 1782µs, application-code: 349ms)
 GET / 200 in 129ms (next.js: 2ms, application-code: 127ms)
 GET / 200 in 124ms (next.js: 2ms, application-code: 122ms)
 GET / 200 in 148ms (next.js: 1925µs, application-code: 146ms)
 GET / 200 in 420ms (next.js: 2ms, application-code: 418ms)
 GET / 200 in 120ms (next.js: 2ms, application-code: 118ms)
 GET / 200 in 136ms (next.js: 2ms, application-code: 134ms)
 GET / 200 in 143ms (next.js: 2ms, application-code: 140ms)
 GET / 200 in 109ms (next.js: 1960µs, application-code: 107ms)
 GET / 200 in 396ms (next.js: 1732µs, application-code: 394ms)
 GET / 200 in 136ms (next.js: 4ms, application-code: 132ms)
 GET / 200 in 157ms (next.js: 2ms, application-code: 155ms)
 GET / 200 in 128ms (next.js: 2ms, application-code: 125ms)
 GET / 200 in 164ms (next.js: 2ms, application-code: 161ms)
 GET / 200 in 429ms (next.js: 3ms, application-code: 426ms)
 GET / 200 in 112ms (next.js: 2ms, application-code: 110ms)
 GET / 200 in 113ms (next.js: 2ms, application-code: 111ms)
 GET / 200 in 125ms (next.js: 1631µs, application-code: 124ms)
 GET / 200 in 109ms (next.js: 1870µs, application-code: 107ms)
 GET / 200 in 111ms (next.js: 2ms, application-code: 108ms)
 GET / 200 in 505ms (next.js: 2ms, application-code: 503ms)
 GET / 200 in 107ms (next.js: 1856µs, application-code: 106ms)
 GET / 200 in 133ms (next.js: 3ms, application-code: 130ms)
 GET / 200 in 144ms (next.js: 2ms, application-code: 142ms)
 GET / 200 in 148ms (next.js: 1941µs, application-code: 146ms)
 GET / 200 in 144ms (next.js: 2ms, application-code: 142ms)
 POST / 303 in 53ms (next.js: 1854µs, application-code: 51ms)
 GET / 200 in 112ms (next.js: 1432µs, application-code: 110ms)
 GET / 200 in 133ms (next.js: 1875µs, application-code: 132ms)
 GET / 200 in 137ms (next.js: 2ms, application-code: 134ms)
 GET / 200 in 168ms (next.js: 2ms, application-code: 166ms)
 GET / 200 in 127ms (next.js: 4ms, application-code: 123ms)
 GET / 200 in 129ms (next.js: 3ms, application-code: 127ms)
 GET / 200 in 394ms (next.js: 1826µs, application-code: 392ms)
 GET / 200 in 152ms (next.js: 5ms, application-code: 147ms)
 GET / 200 in 178ms (next.js: 2ms, application-code: 175ms)
 GET / 200 in 142ms (next.js: 2ms, application-code: 139ms)
 GET / 200 in 199ms (next.js: 10ms, application-code: 188ms)
 GET / 200 in 136ms (next.js: 2ms, application-code: 134ms)
 GET / 200 in 507ms (next.js: 1762µs, application-code: 505ms)
 GET / 200 in 148ms (next.js: 2ms, application-code: 146ms)
 GET / 200 in 133ms (next.js: 1901µs, application-code: 131ms)
 GET / 200 in 124ms (next.js: 1889µs, application-code: 122ms)
 GET / 200 in 142ms (next.js: 2ms, application-code: 140ms)
 GET / 200 in 124ms (next.js: 3ms, application-code: 121ms)
 GET / 200 in 107ms (next.js: 1714µs, application-code: 106ms)
 GET / 200 in 392ms (next.js: 5ms, application-code: 386ms)
 GET / 200 in 140ms (next.js: 3ms, application-code: 137ms)
 GET / 200 in 171ms (next.js: 1614µs, application-code: 170ms)
 GET / 200 in 140ms (next.js: 1966µs, application-code: 138ms)
 GET / 200 in 177ms (next.js: 4ms, application-code: 173ms)
 GET / 200 in 130ms (next.js: 2ms, application-code: 128ms)
 GET / 200 in 557ms (next.js: 2ms, application-code: 555ms)
 GET / 200 in 140ms (next.js: 3ms, application-code: 138ms)
 GET / 200 in 156ms (next.js: 3ms, application-code: 153ms)
 GET / 200 in 162ms (next.js: 2ms, application-code: 160ms)
 GET / 200 in 114ms (next.js: 1717µs, application-code: 113ms)
 GET / 200 in 115ms (next.js: 1690µs, application-code: 113ms)
 GET / 200 in 115ms (next.js: 1909µs, application-code: 113ms)
 GET / 200 in 488ms (next.js: 1886µs, application-code: 486ms)
 GET / 200 in 156ms (next.js: 2ms, application-code: 154ms)
 GET / 200 in 160ms (next.js: 1908µs, application-code: 158ms)
 GET / 200 in 123ms (next.js: 2ms, application-code: 120ms)
 GET / 200 in 168ms (next.js: 2ms, application-code: 166ms)
 GET / 200 in 118ms (next.js: 1774µs, application-code: 117ms)
 GET / 200 in 116ms (next.js: 1924µs, application-code: 114ms)
 GET / 200 in 512ms (next.js: 2ms, application-code: 510ms)
 GET / 200 in 140ms (next.js: 3ms, application-code: 137ms)
 GET / 200 in 141ms (next.js: 1896µs, application-code: 139ms)
 GET / 200 in 184ms (next.js: 3ms, application-code: 180ms)
 GET / 200 in 123ms (next.js: 2ms, application-code: 121ms)
 GET / 200 in 120ms (next.js: 1895µs, application-code: 118ms)
 GET / 200 in 124ms (next.js: 6ms, application-code: 119ms)
 GET / 200 in 692ms (next.js: 2ms, application-code: 690ms)
 GET / 200 in 147ms (next.js: 2ms, application-code: 145ms)
 GET / 200 in 172ms (next.js: 2ms, application-code: 170ms)
 GET / 200 in 138ms (next.js: 4ms, application-code: 134ms)
 GET / 200 in 168ms (next.js: 3ms, application-code: 165ms)
 GET / 200 in 129ms (next.js: 2ms, application-code: 126ms)
 GET / 200 in 119ms (next.js: 2ms, application-code: 117ms)
 GET / 200 in 140ms (next.js: 3ms, application-code: 137ms)
 GET / 200 in 547ms (next.js: 1919µs, application-code: 545ms)
 GET / 200 in 133ms (next.js: 3ms, application-code: 131ms)
 GET / 200 in 139ms (next.js: 1834µs, application-code: 137ms)
 GET / 200 in 122ms (next.js: 1792µs, application-code: 120ms)
 GET / 200 in 114ms (next.js: 1968µs, application-code: 112ms)
 GET / 200 in 121ms (next.js: 2ms, application-code: 119ms)
 GET / 200 in 116ms (next.js: 1936µs, application-code: 114ms)
 GET / 200 in 130ms (next.js: 1960µs, application-code: 128ms)
 GET / 200 in 344ms (next.js: 1950µs, application-code: 342ms)
 GET / 200 in 149ms (next.js: 3ms, application-code: 145ms)
 GET / 200 in 194ms (next.js: 1962µs, application-code: 192ms)
 GET / 200 in 122ms (next.js: 2ms, application-code: 120ms)
 GET / 200 in 185ms (next.js: 3ms, application-code: 182ms)
 GET / 200 in 152ms (next.js: 3ms, application-code: 150ms)
 GET / 200 in 125ms (next.js: 2ms, application-code: 123ms)
 GET / 200 in 121ms (next.js: 1948µs, application-code: 119ms)
 GET / 200 in 122ms (next.js: 3ms, application-code: 119ms)
 GET / 200 in 632ms (next.js: 3ms, application-code: 630ms)
 GET / 200 in 154ms (next.js: 2ms, application-code: 152ms)
 GET / 200 in 135ms (next.js: 1896µs, application-code: 133ms)
 GET / 200 in 133ms (next.js: 1947µs, application-code: 131ms)
 GET / 200 in 122ms (next.js: 1830µs, application-code: 120ms)
 GET / 200 in 119ms (next.js: 2ms, application-code: 117ms)
 GET / 200 in 132ms (next.js: 3ms, application-code: 129ms)
 GET / 200 in 120ms (next.js: 3ms, application-code: 118ms)
 GET / 200 in 123ms (next.js: 1917µs, application-code: 122ms)
 GET / 200 in 395ms (next.js: 1900µs, application-code: 393ms)
 GET / 200 in 170ms (next.js: 3ms, application-code: 167ms)
 GET / 200 in 191ms (next.js: 2ms, application-code: 189ms)
 GET / 200 in 128ms (next.js: 3ms, application-code: 125ms)
 GET / 200 in 184ms (next.js: 2ms, application-code: 182ms)
 GET / 200 in 134ms (next.js: 2ms, application-code: 132ms)
 GET / 200 in 115ms (next.js: 2ms, application-code: 113ms)
 GET / 200 in 149ms (next.js: 1966µs, application-code: 147ms)
 GET / 200 in 130ms (next.js: 4ms, application-code: 127ms)
 GET / 200 in 120ms (next.js: 2ms, application-code: 117ms)
 GET / 200 in 155ms (next.js: 3ms, application-code: 152ms)
 GET / 200 in 141ms (next.js: 2ms, application-code: 139ms)
 GET / 200 in 171ms (next.js: 2ms, application-code: 169ms)
 GET / 200 in 136ms (next.js: 2ms, application-code: 133ms)
 GET / 200 in 129ms (next.js: 2ms, application-code: 127ms)
 GET / 200 in 129ms (next.js: 5ms, application-code: 124ms)
 GET / 200 in 123ms (next.js: 1928µs, application-code: 121ms)
 GET / 200 in 237ms (next.js: 1829µs, application-code: 235ms)
 GET / 200 in 120ms (next.js: 1985µs, application-code: 118ms)
 GET / 200 in 128ms (next.js: 2ms, application-code: 125ms)
⚠ Server is approaching the used memory threshold, restarting...
▲ Next.js 16.2.4 (Turbopack)
- Local:         http://localhost:3000
- Network:       http://0.0.0.0:3000
- Environments: .env
✓ Ready in 381ms

⚠ Blocked cross-origin request to Next.js dev resource /_next/webpack-hmr from "192.168.1.28".
Cross-origin access to Next.js dev resources is blocked by default for safety.

To allow this host in development, add it to "allowedDevOrigins" in next.config.js and restart the dev server:

// next.config.js
module.exports = {
  allowedDevOrigins: ['192.168.1.28'],
}

Read more: https://nextjs.org/docs/app/api-reference/config/next-config-js/allowedDevOrigins
Cannot specify a encType or method for a form that specifies a function as the action. React provides those automatically. They will get overridden.
 GET / 200 in 1176ms (next.js: 324ms, application-code: 852ms)
 GET / 200 in 200ms (next.js: 4ms, application-code: 197ms)
 GET / 200 in 154ms (next.js: 4ms, application-code: 151ms)
 GET / 200 in 245ms (next.js: 3ms, application-code: 242ms)
 GET / 200 in 186ms (next.js: 4ms, application-code: 182ms)
 GET / 200 in 250ms (next.js: 2ms, application-code: 248ms)
 GET / 200 in 225ms (next.js: 3ms, application-code: 222ms)
 GET / 200 in 146ms (next.js: 3ms, application-code: 143ms)
 GET / 200 in 324ms (next.js: 3ms, application-code: 320ms)
 GET / 200 in 157ms (next.js: 3ms, application-code: 154ms)
 GET / 200 in 155ms (next.js: 3ms, application-code: 151ms)
 GET / 200 in 274ms (next.js: 2ms, application-code: 271ms)
 GET / 200 in 130ms (next.js: 3ms, application-code: 127ms)
 GET / 200 in 297ms (next.js: 2ms, application-code: 295ms)
 GET / 200 in 135ms (next.js: 1951µs, application-code: 133ms)
 GET / 200 in 275ms (next.js: 3ms, application-code: 272ms)
 GET / 200 in 147ms (next.js: 3ms, application-code: 144ms)
 GET / 200 in 156ms (next.js: 2ms, application-code: 154ms)
 GET / 200 in 289ms (next.js: 1885µs, application-code: 287ms)
 GET / 200 in 138ms (next.js: 2ms, application-code: 136ms)
 GET / 200 in 137ms (next.js: 3ms, application-code: 135ms)
 GET / 200 in 339ms (next.js: 3ms, application-code: 336ms)
 GET / 200 in 143ms (next.js: 3ms, application-code: 140ms)
 GET / 200 in 311ms (next.js: 2ms, application-code: 309ms)
 GET / 200 in 163ms (next.js: 3ms, application-code: 160ms)
 GET / 200 in 138ms (next.js: 2ms, application-code: 136ms)
 GET / 200 in 326ms (next.js: 4ms, application-code: 323ms)
 GET / 200 in 187ms (next.js: 3ms, application-code: 184ms)
 GET / 200 in 177ms (next.js: 3ms, application-code: 174ms)
 GET / 200 in 340ms (next.js: 2ms, application-code: 338ms)
 GET / 200 in 131ms (next.js: 2ms, application-code: 129ms)
 GET / 200 in 150ms (next.js: 3ms, application-code: 148ms)
 GET / 200 in 123ms (next.js: 2ms, application-code: 120ms)
 GET / 200 in 137ms (next.js: 3ms, application-code: 134ms)
 GET / 200 in 173ms (next.js: 2ms, application-code: 171ms)
 GET / 200 in 343ms (next.js: 2ms, application-code: 340ms)
 GET / 200 in 130ms (next.js: 3ms, application-code: 128ms)
 GET / 200 in 289ms (next.js: 1847µs, application-code: 288ms)
 GET / 200 in 140ms (next.js: 5ms, application-code: 135ms)
 GET / 200 in 108ms (next.js: 3ms, application-code: 106ms)
 GET / 200 in 377ms (next.js: 1990µs, application-code: 375ms)
 GET / 200 in 164ms (next.js: 3ms, application-code: 160ms)
 GET / 200 in 161ms (next.js: 2ms, application-code: 158ms)
 GET / 200 in 131ms (next.js: 1752µs, application-code: 129ms)
 GET / 200 in 475ms (next.js: 1791µs, application-code: 473ms)
 GET / 200 in 139ms (next.js: 2ms, application-code: 137ms)
 GET / 200 in 117ms (next.js: 2ms, application-code: 114ms)
 GET / 200 in 132ms (next.js: 2ms, application-code: 130ms)
 GET / 200 in 378ms (next.js: 3ms, application-code: 375ms)
 GET / 200 in 149ms (next.js: 3ms, application-code: 146ms)
 GET / 200 in 201ms (next.js: 2ms, application-code: 199ms)
 GET / 200 in 128ms (next.js: 2ms, application-code: 125ms)
 GET / 200 in 433ms (next.js: 2ms, application-code: 430ms)
 GET / 200 in 130ms (next.js: 2ms, application-code: 128ms)
 GET / 200 in 128ms (next.js: 1833µs, application-code: 126ms)
 GET / 200 in 186ms (next.js: 1854µs, application-code: 184ms)
 GET / 200 in 117ms (next.js: 2ms, application-code: 115ms)
 GET / 200 in 152ms (next.js: 3ms, application-code: 149ms)
 GET / 200 in 163ms (next.js: 2ms, application-code: 161ms)
 GET / 200 in 137ms (next.js: 4ms, application-code: 133ms)
 GET / 200 in 178ms (next.js: 2ms, application-code: 176ms)
 GET / 200 in 484ms (next.js: 1911µs, application-code: 482ms)
 GET / 200 in 124ms (next.js: 4ms, application-code: 120ms)
 GET / 200 in 152ms (next.js: 2ms, application-code: 150ms)
 GET / 200 in 137ms (next.js: 1832µs, application-code: 135ms)
 GET / 200 in 125ms (next.js: 1910µs, application-code: 123ms)
 GET / 200 in 495ms (next.js: 2ms, application-code: 493ms)
 GET / 200 in 143ms (next.js: 3ms, application-code: 140ms)
 GET / 200 in 175ms (next.js: 1805µs, application-code: 173ms)
 GET / 200 in 134ms (next.js: 5ms, application-code: 129ms)
 GET / 200 in 166ms (next.js: 1792µs, application-code: 164ms)
 GET / 200 in 471ms (next.js: 3ms, application-code: 469ms)
 GET / 200 in 123ms (next.js: 2ms, application-code: 121ms)
 GET / 200 in 153ms (next.js: 2ms, application-code: 150ms)
 GET / 200 in 161ms (next.js: 2ms, application-code: 159ms)
 GET / 200 in 125ms (next.js: 2ms, application-code: 122ms)
 GET / 200 in 478ms (next.js: 2ms, application-code: 476ms)
 GET / 200 in 157ms (next.js: 3ms, application-code: 154ms)
 GET / 200 in 177ms (next.js: 3ms, application-code: 174ms)
 GET / 200 in 116ms (next.js: 1860µs, application-code: 114ms)
 GET / 200 in 172ms (next.js: 2ms, application-code: 170ms)
 GET / 200 in 136ms (next.js: 3ms, application-code: 133ms)
 GET / 200 in 490ms (next.js: 2ms, application-code: 488ms)
 GET / 200 in 154ms (next.js: 2ms, application-code: 152ms)
 GET / 200 in 145ms (next.js: 1760µs, application-code: 144ms)
 GET / 200 in 129ms (next.js: 2ms, application-code: 127ms)
 GET / 200 in 138ms (next.js: 2ms, application-code: 136ms)
 GET / 200 in 115ms (next.js: 1885µs, application-code: 113ms)
 GET / 200 in 383ms (next.js: 1825µs, application-code: 382ms)
 GET / 200 in 130ms (next.js: 3ms, application-code: 127ms)
 GET / 200 in 190ms (next.js: 2ms, application-code: 188ms)
 GET / 200 in 127ms (next.js: 1818µs, application-code: 125ms)
 GET / 200 in 172ms (next.js: 2ms, application-code: 169ms)
 GET / 200 in 125ms (next.js: 2ms, application-code: 123ms)
 GET / 200 in 535ms (next.js: 1809µs, application-code: 534ms)
 GET / 200 in 152ms (next.js: 2ms, application-code: 150ms)
 GET / 200 in 140ms (next.js: 1933µs, application-code: 138ms)
 GET / 200 in 172ms (next.js: 2ms, application-code: 170ms)
 GET / 200 in 134ms (next.js: 3ms, application-code: 131ms)
 GET / 200 in 115ms (next.js: 6ms, application-code: 109ms)
 GET / 200 in 128ms (next.js: 2ms, application-code: 126ms)
 GET / 200 in 551ms (next.js: 1855µs, application-code: 550ms)
 GET / 200 in 158ms (next.js: 3ms, application-code: 155ms)
 GET / 200 in 177ms (next.js: 2ms, application-code: 175ms)
 GET / 200 in 139ms (next.js: 2ms, application-code: 137ms)
 GET / 200 in 170ms (next.js: 1717µs, application-code: 168ms)
 GET / 200 in 131ms (next.js: 2ms, application-code: 128ms)
 GET / 200 in 109ms (next.js: 2ms, application-code: 106ms)
 GET / 200 in 605ms (next.js: 2ms, application-code: 602ms)
 GET / 200 in 152ms (next.js: 2ms, application-code: 150ms)
 GET / 200 in 135ms (next.js: 2ms, application-code: 133ms)
 GET / 200 in 183ms (next.js: 2ms, application-code: 181ms)
 GET / 200 in 111ms (next.js: 1730µs, application-code: 109ms)
 GET / 200 in 123ms (next.js: 2ms, application-code: 121ms)
 GET / 200 in 123ms (next.js: 6ms, application-code: 117ms)
 GET / 200 in 130ms (next.js: 2ms, application-code: 127ms)
 GET / 200 in 133ms (next.js: 2ms, application-code: 130ms)
 GET / 200 in 183ms (next.js: 1795µs, application-code: 181ms)
 GET / 200 in 142ms (next.js: 2ms, application-code: 140ms)
 GET / 200 in 183ms (next.js: 3ms, application-code: 180ms)
 GET / 200 in 131ms (next.js: 2ms, application-code: 129ms)
 GET / 200 in 125ms (next.js: 2ms, application-code: 123ms)
 GET / 200 in 140ms (next.js: 2ms, application-code: 138ms)
 GET / 200 in 643ms (next.js: 1837µs, application-code: 642ms)
 GET / 200 in 132ms (next.js: 5ms, application-code: 127ms)
 GET / 200 in 137ms (next.js: 2ms, application-code: 135ms)
 GET / 200 in 133ms (next.js: 1916µs, application-code: 131ms)
 GET / 200 in 133ms (next.js: 3ms, application-code: 131ms)
 GET / 200 in 133ms (next.js: 1809µs, application-code: 131ms)
 GET / 200 in 122ms (next.js: 1845µs, application-code: 120ms)
 GET / 200 in 129ms (next.js: 1814µs, application-code: 128ms)
 GET / 200 in 112ms (next.js: 2ms, application-code: 110ms)
 GET / 200 in 738ms (next.js: 2ms, application-code: 736ms)
 GET / 200 in 162ms (next.js: 3ms, application-code: 158ms)
 GET / 200 in 165ms (next.js: 2ms, application-code: 163ms)
 GET / 200 in 127ms (next.js: 1809µs, application-code: 126ms)
 GET / 200 in 193ms (next.js: 2ms, application-code: 191ms)
 GET / 200 in 121ms (next.js: 6ms, application-code: 115ms)
 GET / 200 in 125ms (next.js: 2ms, application-code: 123ms)
 GET / 200 in 146ms (next.js: 6ms, application-code: 140ms)
 GET / 200 in 114ms (next.js: 4ms, application-code: 110ms)
 GET / 200 in 752ms (next.js: 2ms, application-code: 750ms)
 GET / 200 in 141ms (next.js: 2ms, application-code: 139ms)
 GET / 200 in 140ms (next.js: 3ms, application-code: 137ms)
 GET / 200 in 139ms (next.js: 2ms, application-code: 137ms)
 GET / 200 in 122ms (next.js: 1774µs, application-code: 120ms)
 GET / 200 in 139ms (next.js: 2ms, application-code: 137ms)
 GET / 200 in 128ms (next.js: 2ms, application-code: 126ms)
 GET / 200 in 120ms (next.js: 2ms, application-code: 118ms)
 GET / 200 in 114ms (next.js: 1809µs, application-code: 112ms)
 GET / 200 in 130ms (next.js: 2ms, application-code: 128ms)
 GET / 200 in 980ms (next.js: 2ms, application-code: 977ms)
 GET / 200 in 803ms (next.js: 3ms, application-code: 799ms)
 GET / 200 in 155ms (next.js: 2ms, application-code: 152ms)
 GET / 200 in 184ms (next.js: 1811µs, application-code: 183ms)
 GET / 200 in 145ms (next.js: 2ms, application-code: 143ms)
 GET / 200 in 172ms (next.js: 1760µs, application-code: 171ms)
 GET / 200 in 121ms (next.js: 1851µs, application-code: 120ms)
 GET / 200 in 125ms (next.js: 2ms, application-code: 122ms)
 GET / 200 in 143ms (next.js: 1835µs, application-code: 141ms)
 GET / 200 in 120ms (next.js: 2ms, application-code: 118ms)
 GET / 200 in 115ms (next.js: 2ms, application-code: 113ms)
 GET / 200 in 450ms (next.js: 1746µs, application-code: 448ms)
 GET / 200 in 148ms (next.js: 1844µs, application-code: 146ms)
 GET / 200 in 150ms (next.js: 1882µs, application-code: 148ms)
 GET / 200 in 114ms (next.js: 1621µs, application-code: 112ms)
 GET / 200 in 125ms (next.js: 2ms, application-code: 123ms)
 GET / 200 in 130ms (next.js: 4ms, application-code: 126ms)
 GET / 200 in 109ms (next.js: 1896µs, application-code: 107ms)
 GET / 200 in 118ms (next.js: 1829µs, application-code: 116ms)
⚠ Server is approaching the used memory threshold, restarting...
▲ Next.js 16.2.4 (Turbopack)
- Local:         http://localhost:3000
- Network:       http://0.0.0.0:3000
- Environments: .env
✓ Ready in 389ms

⚠ Blocked cross-origin request to Next.js dev resource /_next/webpack-hmr from "192.168.1.28".
Cross-origin access to Next.js dev resources is blocked by default for safety.

To allow this host in development, add it to "allowedDevOrigins" in next.config.js and restart the dev server:

// next.config.js
module.exports = {
  allowedDevOrigins: ['192.168.1.28'],
}

Read more: https://nextjs.org/docs/app/api-reference/config/next-config-js/allowedDevOrigins
Cannot specify a encType or method for a form that specifies a function as the action. React provides those automatically. They will get overridden.
 GET / 200 in 1095ms (next.js: 197ms, application-code: 898ms)
 GET / 200 in 315ms (next.js: 5ms, application-code: 310ms)
 GET / 200 in 154ms (next.js: 3ms, application-code: 150ms)
 GET / 200 in 224ms (next.js: 2ms, application-code: 221ms)
 GET / 200 in 193ms (next.js: 4ms, application-code: 188ms)
 GET / 200 in 230ms (next.js: 2ms, application-code: 227ms)
 GET / 200 in 125ms (next.js: 2ms, application-code: 123ms)
 GET / 200 in 294ms (next.js: 2ms, application-code: 292ms)
 GET / 200 in 158ms (next.js: 4ms, application-code: 154ms)
 GET / 200 in 336ms (next.js: 3ms, application-code: 333ms)
 GET / 200 in 130ms (next.js: 3ms, application-code: 127ms)
 GET / 200 in 260ms (next.js: 2ms, application-code: 257ms)
 GET / 200 in 203ms (next.js: 3ms, application-code: 200ms)
 GET / 200 in 277ms (next.js: 2ms, application-code: 275ms)
 GET / 200 in 136ms (next.js: 2ms, application-code: 134ms)
 GET / 200 in 262ms (next.js: 2ms, application-code: 260ms)
 GET / 200 in 137ms (next.js: 4ms, application-code: 133ms)
 GET / 200 in 396ms (next.js: 2ms, application-code: 394ms)
✓ Compiled in 87ms
 GET / 200 in 150ms (next.js: 6ms, application-code: 143ms)
 GET / 200 in 142ms (next.js: 2ms, application-code: 140ms)
 GET / 200 in 284ms (next.js: 2ms, application-code: 282ms)
 GET / 200 in 150ms (next.js: 3ms, application-code: 147ms)
 GET / 200 in 172ms (next.js: 3ms, application-code: 170ms)
 GET / 200 in 287ms (next.js: 2ms, application-code: 285ms)
✓ Compiled in 239ms
 GET / 200 in 695ms (next.js: 99ms, application-code: 596ms)
 GET / 200 in 159ms (next.js: 3ms, application-code: 156ms)
 GET / 200 in 160ms (next.js: 2ms, application-code: 158ms)
 GET / 200 in 364ms (next.js: 2ms, application-code: 362ms)
 GET / 200 in 189ms (next.js: 2ms, application-code: 186ms)
 GET / 200 in 167ms (next.js: 1874µs, application-code: 165ms)
 GET / 200 in 333ms (next.js: 2ms, application-code: 330ms)
 GET / 200 in 159ms (next.js: 3ms, application-code: 156ms)
✓ Compiled in 1114ms
 GET / 200 in 815ms (next.js: 99ms, application-code: 716ms)
 GET / 200 in 171ms (next.js: 1973µs, application-code: 169ms)
 GET / 200 in 134ms (next.js: 1870µs, application-code: 133ms)
 GET / 200 in 141ms (next.js: 2ms, application-code: 139ms)
⨯ TypeError: Cannot read properties of undefined (reading 'findMany')
    at TemplatesPage (src/app/templates/page.tsx:7:47)
   5 |
   6 | export default async function TemplatesPage() {
>  7 |   const templates = await prisma.mailTemplate.findMany({
     |                                               ^
   8 |     orderBy: [{ updatedAt: "desc" }, { createdAt: "desc" }],
   9 |   });
  10 | {
  digest: '2866410215'
}
 GET /templates 500 in 1139ms (next.js: 784ms, application-code: 356ms)
⨯ TypeError: Cannot read properties of undefined (reading 'findMany')
    at TemplatesPage (src/app/templates/page.tsx:7:47)
   5 |
   6 | export default async function TemplatesPage() {
>  7 |   const templates = await prisma.mailTemplate.findMany({
     |                                               ^
   8 |     orderBy: [{ updatedAt: "desc" }, { createdAt: "desc" }],
   9 |   });
  10 | {
  digest: '2866410215'
}
 GET /templates 500 in 70ms (next.js: 3ms, application-code: 67ms)
⨯ TypeError: Cannot read properties of undefined (reading 'findMany')
    at TemplatesPage (src/app/templates/page.tsx:7:47)
   5 |
   6 | export default async function TemplatesPage() {
>  7 |   const templates = await prisma.mailTemplate.findMany({
     |                                               ^
   8 |     orderBy: [{ updatedAt: "desc" }, { createdAt: "desc" }],
   9 |   });
  10 | {
  digest: '2866410215'
}
 GET /templates 500 in 82ms (next.js: 1994µs, application-code: 80ms)
[?25h
